
╔════════════════════════════════════════════════════════════╗
║  AIC-ADE Release v2.6.2                                    ║
╚════════════════════════════════════════════════════════════╝

📋 Step 1/7: Bumping version to 2.6.2...
  ✅ Version bumped

🔨 Step 2/7: Building Linux + Windows...

> aic-ade@2.6.2 build
> npm run build:electron && vite build


> aic-ade@2.6.2 build:electron
> tsc -p tsconfig.electron.json

vite v6.4.3 building for production...
transforming...
✓ 1851 modules transformed.
Generated an empty chunk: "codemirror".
rendering chunks...
[plugin vite:reporter] 
(!) /home/tvd/AI-Company/app/src/renderer/src/lib/api/provider_manage.ts is dynamically imported by /home/tvd/AI-Company/app/src/renderer/src/components/auth/ProviderSetup.tsx, /home/tvd/AI-Company/app/src/renderer/src/components/auth/ProviderSetup.tsx, /home/tvd/AI-Company/app/src/renderer/src/components/auth/ProviderSetup.tsx but also statically imported by /home/tvd/AI-Company/app/src/renderer/src/components/ChatView.tsx, /home/tvd/AI-Company/app/src/renderer/src/components/SettingsView.tsx, dynamic import will not move module into another chunk.

computing gzip size...
../../dist/index.html                       0.82 kB │ gzip:   0.45 kB
../../dist/assets/index-BXT5WAH1.css       68.81 kB │ gzip:  11.29 kB
../../dist/assets/codemirror-l0sNRNKZ.js    0.00 kB │ gzip:   0.02 kB
../../dist/assets/react-BIWbjQr-.js        11.69 kB │ gzip:   4.17 kB
../../dist/assets/index-DVX1Yki-.js       516.60 kB │ gzip: 135.54 kB

(!) Some chunks are larger than 500 kB after minification. Consider:
- Using dynamic import() to code-split the application
- Use build.rollupOptions.output.manualChunks to improve chunking: https://rollupjs.org/configuration-options/#output-manualchunks
- Adjust chunk size limit for this warning via build.chunkSizeWarningLimit.
✓ built in 4.53s
  • electron-builder  version=25.1.8 os=7.0.0-28-generic
  • executing @electron/rebuild  electronVersion=34.5.8 arch=x64 buildFromSource=false appDir=./
  • installing native dependencies  arch=x64
  • preparing       moduleName=node-pty arch=x64
  • finished        moduleName=node-pty arch=x64
  • completed installing native dependencies
  • packaging       platform=linux arch=x64 electron=34.5.8 appOutDir=dist/linux-unpacked
  • Cannot detect repository by .git/config. Please specify "repository" in the package.json (https://docs.npmjs.com/files/package.json#repository).
Please see https://electron.build/publish
  • building        target=AppImage arch=x64 file=dist/aic-ade-2.6.2.AppImage
  • application Linux category is set to default "Utility"  reason=linux.category is not set and cannot map from macOS docs=https://www.electron.build/linux
  • Cannot detect repository by .git/config. Please specify "repository" in the package.json (https://docs.npmjs.com/files/package.json#repository).
Please see https://electron.build/publish
  • Cannot detect repository by .git/config. Please specify "repository" in the package.json (https://docs.npmjs.com/files/package.json#repository).
Please see https://electron.build/publish
  • building        target=deb arch=x64 file=dist/aic-ade_2.6.2_amd64.deb
  • Cannot detect repository by .git/config. Please specify "repository" in the package.json (https://docs.npmjs.com/files/package.json#repository).
Please see https://electron.build/publish
  • adding autoupdate files for: deb. (Beta feature)  resourceDir=dist/linux-unpacked/resources
  • application Linux category is set to default "Utility"  reason=linux.category is not set and cannot map from macOS docs=https://www.electron.build/linux
  • Cannot detect repository by .git/config. Please specify "repository" in the package.json (https://docs.npmjs.com/files/package.json#repository).
Please see https://electron.build/publish
  ⨯ Cannot cleanup: 

Error #1 --------------------------------------------------------------------------------
TypeError: Cannot read properties of null (reading 'channel')
    at computeChannelNames (/home/tvd/AI-Company/app/node_modules/app-builder-lib/src/publish/updateInfoBuilder.ts:47:74)
    at createUpdateInfoTasks (/home/tvd/AI-Company/app/node_modules/app-builder-lib/src/publish/updateInfoBuilder.ts:143:27)
    at processTicksAndRejections (node:internal/process/task_queues:103:5)

Error #2 --------------------------------------------------------------------------------
TypeError: Cannot read properties of null (reading 'channel')
    at computeChannelNames (/home/tvd/AI-Company/app/node_modules/app-builder-lib/src/publish/updateInfoBuilder.ts:47:74)
    at createUpdateInfoTasks (/home/tvd/AI-Company/app/node_modules/app-builder-lib/src/publish/updateInfoBuilder.ts:143:27)  failedTask=build stackTrace=Error: Cannot cleanup: 
                                                                                                                                                                                                                                                                                                                                                                                                                                                                                                                                                                                                                                                                                                                                                                                                                                                                                                                                   Error #1 --------------------------------------------------------------------------------
TypeError: Cannot read properties of null (reading 'channel')
    at computeChannelNames (/home/tvd/AI-Company/app/node_modules/app-builder-lib/src/publish/updateInfoBuilder.ts:47:74)
    at createUpdateInfoTasks (/home/tvd/AI-Company/app/node_modules/app-builder-lib/src/publish/updateInfoBuilder.ts:143:27)
    at processTicksAndRejections (node:internal/process/task_queues:103:5)
                                                                                                                                                                                                                                                                                                                                                                                                                                                                                                                                                                                                                                                                                                                                                                                                                                                                                                                                   Error #2 --------------------------------------------------------------------------------
TypeError: Cannot read properties of null (reading 'channel')
    at computeChannelNames (/home/tvd/AI-Company/app/node_modules/app-builder-lib/src/publish/updateInfoBuilder.ts:47:74)
    at createUpdateInfoTasks (/home/tvd/AI-Company/app/node_modules/app-builder-lib/src/publish/updateInfoBuilder.ts:143:27)
    at throwError (/home/tvd/AI-Company/app/node_modules/builder-util/src/asyncTaskManager.ts:88:11)
    at checkErrors (/home/tvd/AI-Company/app/node_modules/builder-util/src/asyncTaskManager.ts:53:9)
    at AsyncTaskManager.awaitTasks (/home/tvd/AI-Company/app/node_modules/builder-util/src/asyncTaskManager.ts:58:5)
    at PublishManager.awaitTasks (/home/tvd/AI-Company/app/node_modules/app-builder-lib/src/publish/PublishManager.ts:235:28)
    at /home/tvd/AI-Company/app/node_modules/app-builder-lib/src/index.ts:133:32
    at executeFinally (/home/tvd/AI-Company/app/node_modules/builder-util/src/promise.ts:23:9)
